[36mvite v8.0.3 [32mbuilding client environment for production...[36m[39m
[2K
node.exe : 2026-04-05T15:39:24.009Z 
vite:resolve [31m113.40ms[39m 
[36m/src/assets/screen.png[39m -> 
[2mC:/Users/andil/Documents/web portfo
lio/CARBIDPLATFORM/CarBidPlatform/src/a
ssets/screen.png[22m
At line:1 char:1
+ & "C:\Program Files\nodejs/node.exe" 
"C:\Program Files\nodejs/node_mo ...
+ ~~~~~~~~~~~~~~~~~~~~~~~~~~~~~~~~~~~~~
~~~~~~~~~~~~~~~~~~~~~~~~~~~~~~~~
    + CategoryInfo          : NotSpeci 
   fied: (2026-04-05T15:3...screen.pn  
  g[22m:String) [], RemoteException
    + FullyQualifiedErrorId : NativeCo 
   mmandError
 
transforming...Γ£ô 182 modules transformed.
[31mΓ£ù[39m Build failed in 1.22s
[31merror during build:
[31mBuild failed with 2 errors:

[31m[UNRESOLVED_IMPORT] Error:[0m 
Could not resolve 
'../Modules/ListingCard' in 
src/Pages/AuctionFloor.jsx
   [38;5;246mΓò¡[0m[38;5;246mΓöÇ[0m
[38;5;246m[[0m 
src/Pages/AuctionFloor.jsx:6:25 
[38;5;246m][0m
   [38;5;246mΓöé[0m
 [38;5;246m6 Γöé[0m [38;5;249mi[0m
[38;5;249mm[0m[38;5;249mp[0m[38;5;2
49mo[0m[38;5;249mr[0m[38;5;249mt[0
m[38;5;249m [0m[38;5;249mL[0m[38;5
;249mi[0m[38;5;249ms[0m[38;5;249mt
[0m[38;5;249mi[0m[38;5;249mn[0m[38
;5;249mg[0m[38;5;249mC[0m[38;5;249m
a[0m[38;5;249mr[0m[38;5;249md[0m[
38;5;249m [0m[38;5;249mf[0m[38;5;24
9mr[0m[38;5;249mo[0m[38;5;249mm[0m
[38;5;249m [0m"../Modules/ListingCard
"[38;5;249m;[0m
 [38;5;240m  Γöé[0m                  
       ΓöÇΓöÇΓöÇΓöÇΓöÇΓöÇΓöÇΓöÇΓöÇΓöÇΓö
ÇΓöÇΓö¼ΓöÇΓöÇΓöÇΓöÇΓöÇΓöÇΓöÇΓöÇΓöÇΓöÇΓö
Ç  
 [38;5;240m  Γöé[0m                  
                   Γò░ΓöÇΓöÇΓöÇΓöÇΓöÇΓö
ÇΓöÇΓöÇΓöÇΓöÇΓöÇΓöÇΓöÇ Module not 
found.
 [38;5;240m  Γöé[0m 
 [38;5;240m  Γöé[0m 
[38;5;115mHelp[0m: 
'src/Pages/AuctionFloor.jsx' is 
imported by the following path:
 [38;5;240m  Γöé[0m         - 
src/Pages/AuctionFloor.jsx
 [38;5;240m  Γöé[0m         - 
src/App.jsx
 [38;5;240m  Γöé[0m         - 
src/test-import.jsx
 [38;5;240m  Γöé[0m         - 
index.html
[38;5;246mΓöÇΓöÇΓöÇΓò»[0m

[31m[UNRESOLVED_IMPORT] Error:[0m 
Could not resolve 
'../Modules/FilterSidebar' in 
src/Pages/AuctionFloor.jsx
   [38;5;246mΓò¡[0m[38;5;246mΓöÇ[0m
[38;5;246m[[0m 
src/Pages/AuctionFloor.jsx:7:27 
[38;5;246m][0m
   [38;5;246mΓöé[0m
 [38;5;246m7 Γöé[0m [38;5;249mi[0m
[38;5;249mm[0m[38;5;249mp[0m[38;5;2
49mo[0m[38;5;249mr[0m[38;5;249mt[0
m[38;5;249m [0m[38;5;249mF[0m[38;5
;249mi[0m[38;5;249ml[0m[38;5;249mt
[0m[38;5;249me[0m[38;5;249mr[0m[38
;5;249mS[0m[38;5;249mi[0m[38;5;249m
d[0m[38;5;249me[0m[38;5;249mb[0m[
38;5;249ma[0m[38;5;249mr[0m[38;5;24
9m [0m[38;5;249mf[0m[38;5;249mr[0m
[38;5;249mo[0m[38;5;249mm[0m[38;5;
249m [0m"../Modules/FilterSidebar"[38
;5;249m;[0m
 [38;5;240m  Γöé[0m                  
         ΓöÇΓöÇΓöÇΓöÇΓöÇΓöÇΓöÇΓöÇΓöÇΓöÇ
ΓöÇΓöÇΓöÇΓö¼ΓöÇΓöÇΓöÇΓöÇΓöÇΓöÇΓöÇΓöÇΓöÇ
ΓöÇΓöÇΓöÇ  
 [38;5;240m  Γöé[0m                  
                      Γò░ΓöÇΓöÇΓöÇΓöÇΓö
ÇΓöÇΓöÇΓöÇΓöÇΓöÇΓöÇΓöÇΓöÇΓöÇ Module 
not found.
 [38;5;240m  Γöé[0m 
 [38;5;240m  Γöé[0m 
[38;5;115mHelp[0m: 
'src/Pages/AuctionFloor.jsx' is 
imported by the following path:
 [38;5;240m  Γöé[0m         - 
src/Pages/AuctionFloor.jsx
 [38;5;240m  Γöé[0m         - 
src/App.jsx
 [38;5;240m  Γöé[0m         - 
src/test-import.jsx
 [38;5;240m  Γöé[0m         - 
index.html
[38;5;246mΓöÇΓöÇΓöÇΓò»[0m
[31m
    at 
aggregateBindingErrorsIntoJsError (file
:///C:/Users/andil/Documents/web%20port
folio/CARBIDPLATFORM/CarBidPlatform/nod
e_modules/rolldown/dist/shared/error-BL
hcSyeg.mjs:48:18)
    at unwrapBindingResult (file:///C:/
Users/andil/Documents/web%20portfolio/C
ARBIDPLATFORM/CarBidPlatform/node_modul
es/rolldown/dist/shared/error-BLhcSyeg.
mjs:18:128)
    at #build (file:///C:/Users/andil/D
ocuments/web%20portfolio/CARBIDPLATFORM
/CarBidPlatform/node_modules/rolldown/d
ist/shared/rolldown-build-CPrIX9V6.mjs:
3313:34)
    at async buildEnvironment (file:///
C:/Users/andil/Documents/web%20portfoli
o/CARBIDPLATFORM/CarBidPlatform/node_mo
dules/vite/dist/node/chunks/node.js:328
49:64)
    at async Object.build (file:///C:/U
sers/andil/Documents/web%20portfolio/CA
RBIDPLATFORM/CarBidPlatform/node_module
s/vite/dist/node/chunks/node.js:33271:1
9)
    at async Object.buildApp (file:///C
:/Users/andil/Documents/web%20portfolio
/CARBIDPLATFORM/CarBidPlatform/node_mod
ules/vite/dist/node/chunks/node.js:3326
8:153)
    at async CAC.<anonymous> (file:///C
:/Users/andil/Documents/web%20portfolio
/CARBIDPLATFORM/CarBidPlatform/node_mod
ules/vite/dist/node/cli.js:778:3) {
  errors: [Getter/Setter]
}[39m
